
Allocating common symbols
Common symbol       size              file

thread_ready_list   0x10              build/thread.o

Discarded input sections

 .note.GNU-stack
                0x0000000000000000        0x0 build/kernel.o
 .note.GNU-stack
                0x0000000000000000        0x0 build/init.o
 .note.GNU-stack
                0x0000000000000000        0x0 build/memory.o
 .note.GNU-stack
                0x0000000000000000        0x0 build/process.o
 .note.GNU-stack
                0x0000000000000000        0x0 build/thread.o
 .note.GNU-stack
                0x0000000000000000        0x0 build/list.o
 .note.GNU-stack
                0x0000000000000000        0x0 build/interrupt.o
 .note.GNU-stack
                0x0000000000000000        0x0 build/timer.o
 .note.GNU-stack
                0x0000000000000000        0x0 build/debug.o
 .note.GNU-stack
                0x0000000000000000        0x0 build/bitmap.o
 .note.GNU-stack
                0x0000000000000000        0x0 build/string.o

Memory Configuration

Name             Origin             Length             Attributes
*default*        0x0000000000000000 0xffffffffffffffff

Linker script and memory map

Address of section .text set to 0xc0001500
LOAD build/kernel.o
LOAD build/init.o
LOAD build/memory.o
LOAD build/process.o
LOAD build/thread.o
LOAD build/list.o
LOAD build/interrupt.o
LOAD build/timer.o
LOAD build/intr_proc.o
LOAD build/print.o
LOAD build/debug.o
LOAD build/bitmap.o
LOAD build/string.o
                [!provide]                        PROVIDE (__executable_start, 0x8048000)
                0x0000000008048094                . = (0x8048000 + SIZEOF_HEADERS)

.interp
 *(.interp)

.note.gnu.build-id
 *(.note.gnu.build-id)

.hash
 *(.hash)

.gnu.hash
 *(.gnu.hash)

.dynsym
 *(.dynsym)

.dynstr
 *(.dynstr)

.gnu.version
 *(.gnu.version)

.gnu.version_d
 *(.gnu.version_d)

.gnu.version_r
 *(.gnu.version_r)

.rel.dyn        0x0000000008048094        0x0
 *(.rel.init)
 *(.rel.text .rel.text.* .rel.gnu.linkonce.t.*)
 .rel.text      0x0000000008048094        0x0 build/kernel.o
 *(.rel.fini)
 *(.rel.rodata .rel.rodata.* .rel.gnu.linkonce.r.*)
 *(.rel.data.rel.ro .rel.data.rel.ro.* .rel.gnu.linkonce.d.rel.ro.*)
 *(.rel.data .rel.data.* .rel.gnu.linkonce.d.*)
 *(.rel.tdata .rel.tdata.* .rel.gnu.linkonce.td.*)
 *(.rel.tbss .rel.tbss.* .rel.gnu.linkonce.tb.*)
 *(.rel.ctors)
 *(.rel.dtors)
 *(.rel.got)
 *(.rel.bss .rel.bss.* .rel.gnu.linkonce.b.*)
 *(.rel.ifunc)

.rel.plt        0x0000000008048094        0x0
 *(.rel.plt)
                [!provide]                        PROVIDE (__rel_iplt_start, .)
 *(.rel.iplt)
 .rel.iplt      0x0000000008048094        0x0 build/kernel.o
                [!provide]                        PROVIDE (__rel_iplt_end, .)

.init
 *(SORT(.init))

.plt            0x00000000080480a0        0x0
 *(.plt)
 *(.iplt)
 .iplt          0x00000000080480a0        0x0 build/kernel.o

.plt.got
 *(.plt.got)

.text           0x00000000c0001500     0x1be6
 *(.text.unlikely .text.*_unlikely .text.unlikely.*)
 *(.text.exit .text.exit.*)
 *(.text.startup .text.startup.*)
 *(.text.hot .text.hot.*)
 *(.text .stub .text.* .gnu.linkonce.t.*)
 .text          0x00000000c0001500       0x2d build/kernel.o
                0x00000000c0001500                main
 .text          0x00000000c000152d       0x46 build/init.o
                0x00000000c000152d                init_all
 .text          0x00000000c0001573      0x8ca build/memory.o
                0x00000000c0001950                get_a_page
                0x00000000c0001c08                get_mem
                0x00000000c0001d6e                init_memory
 .text          0x00000000c0001e3d       0x5f build/process.o
                0x00000000c0001e3d                init_kernel_process
 .text          0x00000000c0001e9c       0xe6 build/thread.o
                0x00000000c0001e9c                init_kernel_thread
 .text          0x00000000c0001f82       0x56 build/list.o
                0x00000000c0001f82                dlist_append
                0x00000000c0001fa6                dlist_init
 .text          0x00000000c0001fd8      0x221 build/interrupt.o
                0x00000000c000214b                init_interrupt
                0x00000000c000219a                open_intr
                0x00000000c00021ae                close_intr
                0x00000000c00021c2                set_intr_status
                0x00000000c00021dc                get_intr_status
 .text          0x00000000c00021f9       0x78 build/timer.o
                0x00000000c0002218                init_timer
 *fill*         0x00000000c0002271        0xf 
 .text          0x00000000c0002280      0x32b build/intr_proc.o
 *fill*         0x00000000c00025ab        0x5 
 .text          0x00000000c00025b0      0x138 build/print.o
                0x00000000c00025b0                cls
                0x00000000c00025eb                put_char
                0x00000000c0002685                put_str
                0x00000000c00026a3                put_int
 .text          0x00000000c00026e8      0x104 build/debug.o
                0x00000000c00026e8                panic_spin
                0x00000000c000277e                print_not_complete
 .text          0x00000000c00027ec      0x494 build/bitmap.o
                0x00000000c00027ec                bitmap_lookup_one
                0x00000000c000287a                bitmap_get_one
                0x00000000c00029ef                bitmap_gets
                0x00000000c0002aab                bitmap_query
                0x00000000c0002b05                bitmap_set
                0x00000000c0002b67                bitmap_clear
                0x00000000c0002bcb                bitmap_init
 .text          0x00000000c0002c80      0x466 build/string.o
                0x00000000c0002c80                memset
                0x00000000c0002d35                memcpy
                0x00000000c0002da2                memcmp
                0x00000000c0002e27                strcpy
                0x00000000c0002e94                strlen
                0x00000000c0002edf                strcmp
                0x00000000c0002f6b                strchar
                0x00000000c0002fbd                strrchar
                0x00000000c0003015                strcat
                0x00000000c0003090                strchars
 *(.gnu.warning)

.fini
 *(SORT(.fini))
                [!provide]                        PROVIDE (__etext, .)
                [!provide]                        PROVIDE (_etext, .)
                [!provide]                        PROVIDE (etext, .)

.rodata         0x00000000c00030e8      0x491
 *(.rodata .rodata.* .gnu.linkonce.r.*)
 .rodata        0x00000000c00030e8       0x18 build/kernel.o
 .rodata        0x00000000c0003100       0x10 build/init.o
 .rodata        0x00000000c0003110       0x88 build/memory.o
 .rodata        0x00000000c0003198       0x1a build/process.o
 *fill*         0x00000000c00031b2        0x2 
 .rodata        0x00000000c00031b4       0x1f build/thread.o
 *fill*         0x00000000c00031d3        0x1 
 .rodata        0x00000000c00031d4       0x19 build/list.o
 *fill*         0x00000000c00031ed        0x3 
 .rodata        0x00000000c00031f0      0x24f build/interrupt.o
 .rodata        0x00000000c000343f       0x29 build/timer.o
 .rodata        0x00000000c0003468       0x57 build/debug.o
 *fill*         0x00000000c00034bf        0x1 
 .rodata        0x00000000c00034c0       0x1b build/bitmap.o
 *fill*         0x00000000c00034db        0x1 
 .rodata        0x00000000c00034dc       0x9d build/string.o

.rodata1
 *(.rodata1)

.eh_frame_hdr
 *(.eh_frame_hdr)
 *(.eh_frame_entry .eh_frame_entry.*)

.eh_frame       0x00000000c000357c      0x5b4
 *(.eh_frame)
 .eh_frame      0x00000000c000357c       0x3c build/kernel.o
 .eh_frame      0x00000000c00035b8       0x20 build/init.o
                                         0x38 (size before relaxing)
 .eh_frame      0x00000000c00035d8       0xe0 build/memory.o
                                         0xf8 (size before relaxing)
 .eh_frame      0x00000000c00036b8       0x20 build/process.o
                                         0x38 (size before relaxing)
 .eh_frame      0x00000000c00036d8       0x20 build/thread.o
                                         0x38 (size before relaxing)
 .eh_frame      0x00000000c00036f8       0x40 build/list.o
                                         0x58 (size before relaxing)
 .eh_frame      0x00000000c0003738      0x140 build/interrupt.o
                                        0x158 (size before relaxing)
 .eh_frame      0x00000000c0003878       0x40 build/timer.o
                                         0x58 (size before relaxing)
 .eh_frame      0x00000000c00038b8       0x3c build/debug.o
                                         0x54 (size before relaxing)
 .eh_frame      0x00000000c00038f4       0xfc build/bitmap.o
                                        0x114 (size before relaxing)
 .eh_frame      0x00000000c00039f0      0x140 build/string.o
                                        0x158 (size before relaxing)
 *(.eh_frame.*)

.gcc_except_table
 *(.gcc_except_table .gcc_except_table.*)

.gnu_extab
 *(.gnu_extab*)

.exception_ranges
 *(.exception_ranges .exception_ranges*)
                0x00000000c0004b30                . = DATA_SEGMENT_ALIGN (0x1000, 0x1000)

.eh_frame
 *(.eh_frame)
 *(.eh_frame.*)

.gnu_extab
 *(.gnu_extab)

.gcc_except_table
 *(.gcc_except_table .gcc_except_table.*)

.exception_ranges
 *(.exception_ranges .exception_ranges*)

.tdata
 *(.tdata .tdata.* .gnu.linkonce.td.*)

.tbss
 *(.tbss .tbss.* .gnu.linkonce.tb.*)
 *(.tcommon)

.preinit_array  0x00000000c0004b30        0x0
                [!provide]                        PROVIDE (__preinit_array_start, .)
 *(.preinit_array)
                [!provide]                        PROVIDE (__preinit_array_end, .)

.init_array     0x00000000c0004b30        0x0
                [!provide]                        PROVIDE (__init_array_start, .)
 *(SORT(.init_array.*) SORT(.ctors.*))
 *(.init_array EXCLUDE_FILE(*crtend?.o *crtend.o *crtbegin?.o *crtbegin.o) .ctors)
                [!provide]                        PROVIDE (__init_array_end, .)

.fini_array     0x00000000c0004b30        0x0
                [!provide]                        PROVIDE (__fini_array_start, .)
 *(SORT(.fini_array.*) SORT(.dtors.*))
 *(.fini_array EXCLUDE_FILE(*crtend?.o *crtend.o *crtbegin?.o *crtbegin.o) .dtors)
                [!provide]                        PROVIDE (__fini_array_end, .)

.ctors
 *crtbegin.o(.ctors)
 *crtbegin?.o(.ctors)
 *(EXCLUDE_FILE(*crtend?.o *crtend.o) .ctors)
 *(SORT(.ctors.*))
 *(.ctors)

.dtors
 *crtbegin.o(.dtors)
 *crtbegin?.o(.dtors)
 *(EXCLUDE_FILE(*crtend?.o *crtend.o) .dtors)
 *(SORT(.dtors.*))
 *(.dtors)

.jcr
 *(.jcr)

.data.rel.ro
 *(.data.rel.ro.local* .gnu.linkonce.d.rel.ro.local.*)
 *(.data.rel.ro .data.rel.ro.* .gnu.linkonce.d.rel.ro.*)

.dynamic
 *(.dynamic)

.got
 *(.got)
 *(.igot)
                0x00000000c0004b30                . = DATA_SEGMENT_RELRO_END (., (SIZEOF (.got.plt) >= 0xc)?0xc:0x0)

.got.plt        0x00000000c0004b30        0x0
 *(.got.plt)
 *(.igot.plt)
 .igot.plt      0x00000000c0004b30        0x0 build/kernel.o

.data           0x00000000c0004b40      0x1d8
 *(.data .data.* .gnu.linkonce.d.*)
 .data          0x00000000c0004b40        0x0 build/kernel.o
 .data          0x00000000c0004b40        0x0 build/init.o
 .data          0x00000000c0004b40        0x4 build/memory.o
 .data          0x00000000c0004b44        0x0 build/process.o
 .data          0x00000000c0004b44        0x0 build/thread.o
 .data          0x00000000c0004b44        0x0 build/list.o
 *fill*         0x00000000c0004b44       0x1c 
 .data          0x00000000c0004b60      0x124 build/interrupt.o
                0x00000000c0004b60                intr_proc_table
 .data          0x00000000c0004c84        0x0 build/timer.o
 .data          0x00000000c0004c84       0x84 build/intr_proc.o
                0x00000000c0004c84                iet
 .data          0x00000000c0004d08       0x10 build/print.o
 .data          0x00000000c0004d18        0x0 build/debug.o
 .data          0x00000000c0004d18        0x0 build/bitmap.o
 .data          0x00000000c0004d18        0x0 build/string.o

.data1
 *(.data1)
                0x00000000c0004d18                _edata = .
                [!provide]                        PROVIDE (edata, .)
                0x00000000c0004d18                . = .
                0x00000000c0004d18                __bss_start = .

.bss            0x00000000c0004d20      0x15c
 *(.dynbss)
 *(.bss .bss.* .gnu.linkonce.b.*)
 .bss           0x00000000c0004d20        0x0 build/kernel.o
 .bss           0x00000000c0004d20        0x0 build/init.o
 .bss           0x00000000c0004d20       0x1c build/memory.o
 .bss           0x00000000c0004d3c       0x10 build/process.o
 .bss           0x00000000c0004d4c        0x0 build/thread.o
 .bss           0x00000000c0004d4c        0x0 build/list.o
 *fill*         0x00000000c0004d4c       0x14 
 .bss           0x00000000c0004d60      0x108 build/interrupt.o
 .bss           0x00000000c0004e68        0x0 build/timer.o
 .bss           0x00000000c0004e68        0x4 build/debug.o
                0x00000000c0004e68                debug_count
 .bss           0x00000000c0004e6c        0x0 build/bitmap.o
 .bss           0x00000000c0004e6c        0x0 build/string.o
 *(COMMON)
 COMMON         0x00000000c0004e6c       0x10 build/thread.o
                0x00000000c0004e6c                thread_ready_list
                0x00000000c0004e7c                . = ALIGN ((. != 0x0)?0x4:0x1)
                0x00000000c0004e7c                . = ALIGN (0x4)
                0x00000000c0004e7c                . = SEGMENT_START ("ldata-segment", .)
                0x00000000c0004e7c                . = ALIGN (0x4)
                0x00000000c0004e7c                _end = .
                [!provide]                        PROVIDE (end, .)
                0x00000000c0004e7c                . = DATA_SEGMENT_END (.)

.stab
 *(.stab)

.stabstr
 *(.stabstr)

.stab.excl
 *(.stab.excl)

.stab.exclstr
 *(.stab.exclstr)

.stab.index
 *(.stab.index)

.stab.indexstr
 *(.stab.indexstr)

.comment        0x0000000000000000       0x34
 *(.comment)
 .comment       0x0000000000000000       0x34 build/kernel.o
                                         0x35 (size before relaxing)
 .comment       0x0000000000000034       0x35 build/init.o
 .comment       0x0000000000000034       0x35 build/memory.o
 .comment       0x0000000000000034       0x35 build/process.o
 .comment       0x0000000000000034       0x35 build/thread.o
 .comment       0x0000000000000034       0x35 build/list.o
 .comment       0x0000000000000034       0x35 build/interrupt.o
 .comment       0x0000000000000034       0x35 build/timer.o
 .comment       0x0000000000000034       0x35 build/debug.o
 .comment       0x0000000000000034       0x35 build/bitmap.o
 .comment       0x0000000000000034       0x35 build/string.o

.debug
 *(.debug)

.line
 *(.line)

.debug_srcinfo
 *(.debug_srcinfo)

.debug_sfnames
 *(.debug_sfnames)

.debug_aranges
 *(.debug_aranges)

.debug_pubnames
 *(.debug_pubnames)

.debug_info
 *(.debug_info .gnu.linkonce.wi.*)

.debug_abbrev
 *(.debug_abbrev)

.debug_line
 *(.debug_line .debug_line.* .debug_line_end)

.debug_frame
 *(.debug_frame)

.debug_str
 *(.debug_str)

.debug_loc
 *(.debug_loc)

.debug_macinfo
 *(.debug_macinfo)

.debug_weaknames
 *(.debug_weaknames)

.debug_funcnames
 *(.debug_funcnames)

.debug_typenames
 *(.debug_typenames)

.debug_varnames
 *(.debug_varnames)

.debug_pubtypes
 *(.debug_pubtypes)

.debug_ranges
 *(.debug_ranges)

.debug_macro
 *(.debug_macro)

.gnu.attributes
 *(.gnu.attributes)

/DISCARD/
 *(.note.GNU-stack)
 *(.gnu_debuglink)
 *(.gnu.lto_*)
OUTPUT(build/kernel.bin elf32-i386)
