
Allocating common symbols
Common symbol       size              file

thread_ready_list   0x8               build/thread.o

Discarded input sections

 .note.GNU-stack
                0x0000000000000000        0x0 build/kernel.o
 .note.GNU-stack
                0x0000000000000000        0x0 build/init.o
 .note.GNU-stack
                0x0000000000000000        0x0 build/memory.o
 .note.GNU-stack
                0x0000000000000000        0x0 build/process.o
 .note.GNU-stack
                0x0000000000000000        0x0 build/thread.o
 .note.GNU-stack
                0x0000000000000000        0x0 build/list.o
 .note.GNU-stack
                0x0000000000000000        0x0 build/interrupt.o
 .note.GNU-stack
                0x0000000000000000        0x0 build/timer.o
 .note.GNU-stack
                0x0000000000000000        0x0 build/debug.o
 .note.GNU-stack
                0x0000000000000000        0x0 build/bitmap.o
 .note.GNU-stack
                0x0000000000000000        0x0 build/string.o

Memory Configuration

Name             Origin             Length             Attributes
*default*        0x0000000000000000 0xffffffffffffffff

Linker script and memory map

Address of section .text set to 0xc0001500
LOAD build/kernel.o
LOAD build/init.o
LOAD build/memory.o
LOAD build/process.o
LOAD build/thread.o
LOAD build/list.o
LOAD build/interrupt.o
LOAD build/timer.o
LOAD build/intr_proc.o
LOAD build/print.o
LOAD build/debug.o
LOAD build/bitmap.o
LOAD build/string.o
                [!provide]                        PROVIDE (__executable_start, 0x8048000)
                0x0000000008048094                . = (0x8048000 + SIZEOF_HEADERS)

.interp
 *(.interp)

.note.gnu.build-id
 *(.note.gnu.build-id)

.hash
 *(.hash)

.gnu.hash
 *(.gnu.hash)

.dynsym
 *(.dynsym)

.dynstr
 *(.dynstr)

.gnu.version
 *(.gnu.version)

.gnu.version_d
 *(.gnu.version_d)

.gnu.version_r
 *(.gnu.version_r)

.rel.dyn        0x0000000008048094        0x0
 *(.rel.init)
 *(.rel.text .rel.text.* .rel.gnu.linkonce.t.*)
 .rel.text      0x0000000008048094        0x0 build/kernel.o
 *(.rel.fini)
 *(.rel.rodata .rel.rodata.* .rel.gnu.linkonce.r.*)
 *(.rel.data.rel.ro .rel.data.rel.ro.* .rel.gnu.linkonce.d.rel.ro.*)
 *(.rel.data .rel.data.* .rel.gnu.linkonce.d.*)
 *(.rel.tdata .rel.tdata.* .rel.gnu.linkonce.td.*)
 *(.rel.tbss .rel.tbss.* .rel.gnu.linkonce.tb.*)
 *(.rel.ctors)
 *(.rel.dtors)
 *(.rel.got)
 *(.rel.bss .rel.bss.* .rel.gnu.linkonce.b.*)
 *(.rel.ifunc)

.rel.plt        0x0000000008048094        0x0
 *(.rel.plt)
                [!provide]                        PROVIDE (__rel_iplt_start, .)
 *(.rel.iplt)
 .rel.iplt      0x0000000008048094        0x0 build/kernel.o
                [!provide]                        PROVIDE (__rel_iplt_end, .)

.init
 *(SORT(.init))

.plt            0x00000000080480a0        0x0
 *(.plt)
 *(.iplt)
 .iplt          0x00000000080480a0        0x0 build/kernel.o

.text           0x00000000c0001500     0x1aa8
 *(.text.unlikely .text.*_unlikely .text.unlikely.*)
 *(.text.exit .text.exit.*)
 *(.text.startup .text.startup.*)
 *(.text.hot .text.hot.*)
 *(.text .stub .text.* .gnu.linkonce.t.*)
 .text          0x00000000c0001500       0x21 build/kernel.o
                0x00000000c0001500                main
 .text          0x00000000c0001521       0x3c build/init.o
                0x00000000c0001521                init_all
 .text          0x00000000c000155d      0x7c8 build/memory.o
                0x00000000c00018c4                get_a_page
                0x00000000c0001b1e                get_mem
                0x00000000c0001c58                init_memory
 .text          0x00000000c0001d25       0x56 build/process.o
                0x00000000c0001d25                init_kernel_process
 .text          0x00000000c0001d7b       0xcb build/thread.o
                0x00000000c0001d7b                init_kernel_thread
 .text          0x00000000c0001e46       0x78 build/list.o
                0x00000000c0001e46                dlist_init
                0x00000000c0001e63                dlist_append
                0x00000000c0001e9a                dist_get
 .text          0x00000000c0001ebe      0x24e build/interrupt.o
                0x00000000c0002067                init_interrupt
                0x00000000c00020ad                open_intr
                0x00000000c00020c1                close_intr
                0x00000000c00020d5                set_intr_status
                0x00000000c00020ef                get_intr_status
 .text          0x00000000c000210c       0x7a build/timer.o
                0x00000000c000212a                init_timer
 *fill*         0x00000000c0002186        0xa 
 .text          0x00000000c0002190      0x32b build/intr_proc.o
 *fill*         0x00000000c00024bb        0x5 
 .text          0x00000000c00024c0      0x138 build/print.o
                0x00000000c00024c0                cls
                0x00000000c00024fb                put_char
                0x00000000c0002595                put_str
                0x00000000c00025b3                put_int
 .text          0x00000000c00025f8       0xce build/debug.o
                0x00000000c00025f8                panic_spin
                0x00000000c000266d                print_not_complete
 .text          0x00000000c00026c6      0x3f0 build/bitmap.o
                0x00000000c00026c6                bitmap_init
                0x00000000c0002789                bitmap_lookup_one
                0x00000000c0002825                bitmap_get_one
                0x00000000c00028e1                bitmap_gets
                0x00000000c000299d                bitmap_query
                0x00000000c00029f0                bitmap_mask
                0x00000000c0002a52                bitmap_umask
 .text          0x00000000c0002ab6      0x4f2 build/string.o
                0x00000000c0002ab6                memset
                0x00000000c0002b55                memcpy
                0x00000000c0002bd9                memcmp
                0x00000000c0002c75                strcpy
                0x00000000c0002cfa                strlen
                0x00000000c0002d50                strcmp
                0x00000000c0002df3                strchar
                0x00000000c0002e52                strrchar
                0x00000000c0002eb5                strcat
                0x00000000c0002f47                strchars
 *(.gnu.warning)

.fini
 *(SORT(.fini))
                [!provide]                        PROVIDE (__etext, .)
                [!provide]                        PROVIDE (_etext, .)
                [!provide]                        PROVIDE (etext, .)

.rodata         0x00000000c0002fa8      0x43f
 *(.rodata .rodata.* .gnu.linkonce.r.*)
 .rodata        0x00000000c0002fa8       0x18 build/kernel.o
 .rodata        0x00000000c0002fc0       0x10 build/init.o
 .rodata        0x00000000c0002fd0       0x7f build/memory.o
 .rodata        0x00000000c000304f       0x1a build/process.o
 .rodata        0x00000000c0003069       0x1d build/thread.o
 *fill*         0x00000000c0003086        0x2 
 .rodata        0x00000000c0003088      0x24f build/interrupt.o
 .rodata        0x00000000c00032d7       0x29 build/timer.o
 .rodata        0x00000000c0003300       0x57 build/debug.o
 .rodata        0x00000000c0003357       0x90 build/string.o

.rodata1
 *(.rodata1)

.eh_frame_hdr
 *(.eh_frame_hdr)

.eh_frame       0x00000000c00033e8      0x5c4
 *(.eh_frame)
 .eh_frame      0x00000000c00033e8       0x34 build/kernel.o
 .eh_frame      0x00000000c000341c       0x20 build/init.o
                                         0x38 (size before relaxing)
 .eh_frame      0x00000000c000343c       0xe0 build/memory.o
                                         0xf8 (size before relaxing)
 .eh_frame      0x00000000c000351c       0x20 build/process.o
                                         0x38 (size before relaxing)
 .eh_frame      0x00000000c000353c       0x20 build/thread.o
                                         0x38 (size before relaxing)
 .eh_frame      0x00000000c000355c       0x60 build/list.o
                                         0x78 (size before relaxing)
 .eh_frame      0x00000000c00035bc      0x140 build/interrupt.o
                                        0x158 (size before relaxing)
 .eh_frame      0x00000000c00036fc       0x40 build/timer.o
                                         0x58 (size before relaxing)
 .eh_frame      0x00000000c000373c       0x3c build/debug.o
                                         0x54 (size before relaxing)
 .eh_frame      0x00000000c0003778       0xf4 build/bitmap.o
                                        0x10c (size before relaxing)
 .eh_frame      0x00000000c000386c      0x140 build/string.o
                                        0x158 (size before relaxing)

.gcc_except_table
 *(.gcc_except_table .gcc_except_table.*)

.exception_ranges
 *(.exception_ranges .exception_ranges*)
                0x00000000c00039ac                . = (ALIGN (0x1000) - ((0x1000 - .) & 0xfff))
                0x00000000c0005000                . = DATA_SEGMENT_ALIGN (0x1000, 0x1000)

.eh_frame
 *(.eh_frame)

.gcc_except_table
 *(.gcc_except_table .gcc_except_table.*)

.exception_ranges
 *(.exception_ranges .exception_ranges*)

.tdata
 *(.tdata .tdata.* .gnu.linkonce.td.*)

.tbss
 *(.tbss .tbss.* .gnu.linkonce.tb.*)
 *(.tcommon)

.preinit_array  0x00000000c0005000        0x0
                [!provide]                        PROVIDE (__preinit_array_start, .)
 *(.preinit_array)
                [!provide]                        PROVIDE (__preinit_array_end, .)

.init_array     0x00000000c0005000        0x0
                [!provide]                        PROVIDE (__init_array_start, .)
 *(SORT(.init_array.*) SORT(.ctors.*))
 *(.init_array EXCLUDE_FILE(*crtend?.o *crtend.o *crtbegin?.o *crtbegin.o) .ctors)
                [!provide]                        PROVIDE (__init_array_end, .)

.fini_array     0x00000000c0005000        0x0
                [!provide]                        PROVIDE (__fini_array_start, .)
 *(SORT(.fini_array.*) SORT(.dtors.*))
 *(.fini_array EXCLUDE_FILE(*crtend?.o *crtend.o *crtbegin?.o *crtbegin.o) .dtors)
                [!provide]                        PROVIDE (__fini_array_end, .)

.ctors
 *crtbegin.o(.ctors)
 *crtbegin?.o(.ctors)
 *(EXCLUDE_FILE(*crtend?.o *crtend.o) .ctors)
 *(SORT(.ctors.*))
 *(.ctors)

.dtors
 *crtbegin.o(.dtors)
 *crtbegin?.o(.dtors)
 *(EXCLUDE_FILE(*crtend?.o *crtend.o) .dtors)
 *(SORT(.dtors.*))
 *(.dtors)

.jcr
 *(.jcr)

.data.rel.ro
 *(.data.rel.ro.local* .gnu.linkonce.d.rel.ro.local.*)
 *(.data.rel.ro .data.rel.ro.* .gnu.linkonce.d.rel.ro.*)

.dynamic
 *(.dynamic)

.got
 *(.got)
 *(.igot)
                0x00000000c0005000                . = DATA_SEGMENT_RELRO_END (., (SIZEOF (.got.plt) >= 0xc)?0xc:0x0)

.got.plt        0x00000000c0005000        0x0
 *(.got.plt)
 *(.igot.plt)
 .igot.plt      0x00000000c0005000        0x0 build/kernel.o

.data           0x00000000c0005000      0x1d8
 *(.data .data.* .gnu.linkonce.d.*)
 .data          0x00000000c0005000        0x0 build/kernel.o
 .data          0x00000000c0005000        0x0 build/init.o
 .data          0x00000000c0005000        0x4 build/memory.o
 .data          0x00000000c0005004        0x0 build/process.o
 .data          0x00000000c0005004        0x0 build/thread.o
 .data          0x00000000c0005004        0x0 build/list.o
 *fill*         0x00000000c0005004       0x1c 
 .data          0x00000000c0005020      0x124 build/interrupt.o
                0x00000000c0005020                intr_proc_table
 .data          0x00000000c0005144        0x0 build/timer.o
 .data          0x00000000c0005144       0x84 build/intr_proc.o
                0x00000000c0005144                iet
 .data          0x00000000c00051c8       0x10 build/print.o
 .data          0x00000000c00051d8        0x0 build/debug.o
 .data          0x00000000c00051d8        0x0 build/bitmap.o
 .data          0x00000000c00051d8        0x0 build/string.o

.data1
 *(.data1)
                0x00000000c00051d8                _edata = .
                [!provide]                        PROVIDE (edata, .)
                0x00000000c00051d8                . = .
                0x00000000c00051d8                __bss_start = .

.bss            0x00000000c00051e0      0x154
 *(.dynbss)
 *(.bss .bss.* .gnu.linkonce.b.*)
 .bss           0x00000000c00051e0        0x0 build/kernel.o
 .bss           0x00000000c00051e0        0x0 build/init.o
 .bss           0x00000000c00051e0       0x1c build/memory.o
 .bss           0x00000000c00051fc        0x8 build/process.o
 .bss           0x00000000c0005204        0x0 build/thread.o
 .bss           0x00000000c0005204        0x0 build/list.o
 *fill*         0x00000000c0005204       0x1c 
 .bss           0x00000000c0005220      0x108 build/interrupt.o
 .bss           0x00000000c0005328        0x0 build/timer.o
 .bss           0x00000000c0005328        0x4 build/debug.o
                0x00000000c0005328                debug_count
 .bss           0x00000000c000532c        0x0 build/bitmap.o
 .bss           0x00000000c000532c        0x0 build/string.o
 *(COMMON)
 COMMON         0x00000000c000532c        0x8 build/thread.o
                0x00000000c000532c                thread_ready_list
                0x00000000c0005334                . = ALIGN ((. != 0x0)?0x4:0x1)
                0x00000000c0005334                . = ALIGN (0x4)
                0x00000000c0005334                . = SEGMENT_START ("ldata-segment", .)
                0x00000000c0005334                . = ALIGN (0x4)
                0x00000000c0005334                _end = .
                [!provide]                        PROVIDE (end, .)
                0x00000000c0005334                . = DATA_SEGMENT_END (.)

.stab
 *(.stab)

.stabstr
 *(.stabstr)

.stab.excl
 *(.stab.excl)

.stab.exclstr
 *(.stab.exclstr)

.stab.index
 *(.stab.index)

.stab.indexstr
 *(.stab.indexstr)

.comment        0x0000000000000000       0x2d
 *(.comment)
 .comment       0x0000000000000000       0x2d build/kernel.o
                                         0x2e (size before relaxing)
 .comment       0x000000000000002d       0x2e build/init.o
 .comment       0x000000000000002d       0x2e build/memory.o
 .comment       0x000000000000002d       0x2e build/process.o
 .comment       0x000000000000002d       0x2e build/thread.o
 .comment       0x000000000000002d       0x2e build/list.o
 .comment       0x000000000000002d       0x2e build/interrupt.o
 .comment       0x000000000000002d       0x2e build/timer.o
 .comment       0x000000000000002d       0x2e build/debug.o
 .comment       0x000000000000002d       0x2e build/bitmap.o
 .comment       0x000000000000002d       0x2e build/string.o

.debug
 *(.debug)

.line
 *(.line)

.debug_srcinfo
 *(.debug_srcinfo)

.debug_sfnames
 *(.debug_sfnames)

.debug_aranges
 *(.debug_aranges)

.debug_pubnames
 *(.debug_pubnames)

.debug_info
 *(.debug_info .gnu.linkonce.wi.*)

.debug_abbrev
 *(.debug_abbrev)

.debug_line
 *(.debug_line .debug_line.* .debug_line_end)

.debug_frame
 *(.debug_frame)

.debug_str
 *(.debug_str)

.debug_loc
 *(.debug_loc)

.debug_macinfo
 *(.debug_macinfo)

.debug_weaknames
 *(.debug_weaknames)

.debug_funcnames
 *(.debug_funcnames)

.debug_typenames
 *(.debug_typenames)

.debug_varnames
 *(.debug_varnames)

.debug_pubtypes
 *(.debug_pubtypes)

.debug_ranges
 *(.debug_ranges)

.debug_macro
 *(.debug_macro)

.gnu.attributes
 *(.gnu.attributes)

/DISCARD/
 *(.note.GNU-stack)
 *(.gnu_debuglink)
 *(.gnu.lto_*)
OUTPUT(build/kernel.bin elf32-i386)
